../Drivers/CMSIS/Include/core_cm4.h:2064:26:ITM_SendChar	4
../Core/Src/main.c:158:5:main	1
../Core/Src/main.c:207:6:SystemClock_Config	3
../Core/Src/main.c:255:13:MX_TIM2_Init	6
../Core/Src/main.c:314:13:MX_TIM3_Init	4
../Core/Src/main.c:359:13:MX_TIM4_Init	4
../Core/Src/main.c:404:13:MX_USART2_UART_Init	2
../Core/Src/main.c:437:13:MX_GPIO_Init	1
../Core/Src/main.c:473:13:owc_transmit	1
../Core/Src/main.c:483:13:process_optical_data	3
../Core/Src/main.c:513:15:map_symbol	6
../Core/Src/main.c:531:13:send_to_queue	1
../Core/Src/main.c:539:6:HAL_GPIO_EXTI_Callback	3
../Core/Src/main.c:557:6:HAL_TIM_PeriodElapsedCallback	10
../Core/Src/main.c:644:5:_write	2
../Core/Src/main.c:661:6:Error_Handler	1
